tree: training on 640 texts, 10 epochs
cyclic: training on 640 texts, 10 epochs
repetition and generalisation
corpus: data/corpus.txt - 640 texts / 44335 chars to train, 160 texts / 10897 chars held out (sha256 31ea49d2800c)
settings: seed 1, 10 epochs, lr 0.5, act_lr 0.05, batch 32, depth 8, min_count 1

| | cyclic graph | tree |
|---|---:|---:|
| real nodes | 3516 | 51609 |
| END leaves | 1 | 4268 |
| edges | 9699 | 55877 |
| distinct grams | 4228 | 4228 |
| label characters | 11260 | 276651 |
| grams per node | 1.203 | 0.082 |
| transitions per epoch | 42310 | 169528 |
| training seconds | 8.30 | 641.39 |
| final epoch loss (nats) | 1.405 | 2.818 |
| train bits/char | 1.924 | 0.296 |
| train miss rate | 0.000 | 0.000 |
| held-out bits/char | 4.057 | 6.360 |
| held-out miss rate | 0.122 | 0.509 |
| texts recited whole | 0/640 | 17/640 |

| prefix | cyclic graph says | tree says |
|---|---|---|
| `the quick` | 'ets,' | 'ed up from the tail of what was likely' |
| `the cat` | 'e.' | 'ches itself repeating does' |
| `knowledge` | 't' | 's, a' |
| `two plus` | ' up:' | ' a monotone' |
| `the moon` | '.' | '. Or the fact that you have also unlocked' |
| `th` | 'e' | 'eory predicts). I then test whether dividing the thing improves withou' |
| `zzzq` | 'uest' | 'layer is a hash function' |

| text | chars | cyclic nodes | tree nodes | cyclic label chars | tree label chars |
|---|---:|---:|---:|---:|---:|
| `a` × 4 | 4 | 1 | 3 | 3 | 10 |
| `a` × 10 | 10 | 1 | 9 | 3 | 33 |
| `a` × 100 | 100 | 1 | 9 | 3 | 33 |
| `a` × 1000 | 1000 | 1 | 9 | 3 | 33 |
| `abc` × 2 | 6 | 2 | 5 | 7 | 23 |
| `abc` × 5 | 15 | 2 | 11 | 7 | 53 |
| `abc` × 50 | 150 | 2 | 11 | 7 | 53 |
| `abc` × 500 | 1500 | 2 | 11 | 7 | 53 |

shown `aaaa` once, scoring `aaaaaaa`:
- cyclic graph: representable True, 0 unknown of 6 transitions, log-prob -3.59
- tree: representable False, 3 unknown of 5 transitions, log-prob -41.45

wrote results/prose_depth8_results.json

real	10m50.576s
user	10m44.179s
sys	0m0.092s
exit 0
