learning: 4000 episodes, strings up to 6 symbols, 5 seeds, 300 held-out strings; the quiet arm runs the same strings without traversing

| language | states (min) | before | after: mean | min | max | solved | quiet after |
|---|---|---|---|---|---|---|---|
| even-b (an even number of b's) | 3 (2) | 0.59 | **1.00** | 1.00 | 1.00 | 5/5 | 0.59 |
| even-b (an even number of b's) | 4 (2) | 0.59 | **1.00** | 1.00 | 1.00 | 5/5 | 0.59 |
| even-b (an even number of b's) | 6 (2) | 0.60 | **1.00** | 1.00 | 1.00 | 5/5 | 0.59 |
| even-b (an even number of b's) | 13 (2) | 0.59 | **0.92** | 0.61 | 1.00 | 4/5 | 0.59 |
| contains-aa (two a's in a row somewhere) | 3 (3) | 0.62 | **1.00** | 1.00 | 1.00 | 5/5 | 0.60 |
| contains-aa (two a's in a row somewhere) | 4 (3) | 0.62 | **0.89** | 0.68 | 1.00 | 3/5 | 0.61 |
| contains-aa (two a's in a row somewhere) | 6 (3) | 0.62 | **0.93** | 0.79 | 1.00 | 3/5 | 0.63 |
| contains-aa (two a's in a row somewhere) | 13 (3) | 0.66 | **0.80** | 0.65 | 1.00 | 1/5 | 0.66 |
| ends-ab (ends with ab) | 3 (3) | 0.67 | **1.00** | 1.00 | 1.00 | 5/5 | 0.65 |
| ends-ab (ends with ab) | 4 (3) | 0.69 | **0.82** | 0.65 | 1.00 | 2/5 | 0.71 |
| ends-ab (ends with ab) | 6 (3) | 0.74 | **0.93** | 0.85 | 1.00 | 2/5 | 0.74 |
| ends-ab (ends with ab) | 13 (3) | 0.78 | **0.95** | 0.92 | 0.99 | 0/5 | 0.78 |
| mod3-a (a multiple of three a's) | 3 (3) | 0.62 | **1.00** | 1.00 | 1.00 | 5/5 | 0.62 |
| mod3-a (a multiple of three a's) | 4 (3) | 0.65 | **0.94** | 0.69 | 1.00 | 4/5 | 0.64 |
| mod3-a (a multiple of three a's) | 6 (3) | 0.67 | **0.82** | 0.67 | 1.00 | 2/5 | 0.66 |
| mod3-a (a multiple of three a's) | 13 (3) | 0.69 | **0.80** | 0.69 | 0.86 | 0/5 | 0.69 |

stimulation: a fork of 3 channels; probability of each by stimulation level

| stimulation | width 4 | width 1 | width 0.25 |
|---|---|---|---|
| 0 | 0.333 | 0.333 | 0.333 |
| 0.5 | 0.571 | 0.286 | 0.143 |
| 1 | 0.762 | 0.190 | 0.048 |
| 2 | 0.938 | 0.059 | 0.004 |
| 4 | 0.996 | 0.004 | 0.000 |

a surge of +3 over the baseline 1, relaxing on the clock

| lives since | stimulation | width 4 | width 1 | width 0.25 |
|---|---|---|---|---|
| 0 | 4.00 | 0.996 | 0.004 | 0.000 |
| 0.5 | 3.12 | 0.970 | 0.028 | 0.003 |
| 1 | 2.50 | 0.883 | 0.089 | 0.028 |
| 2 | 1.75 | 0.611 | 0.229 | 0.160 |
| 4 | 1.19 | 0.387 | 0.315 | 0.298 |

adaptation: two edges from one prototype, one rewarded on every use and one punished

| stage | clock | P(rewarded) | P(punished) | P(untouched) | width + | width − | net + | net − | recent + | bias + | bias − |
|---|---|---|---|---|---|---|---|---|---|---|---|
| fresh | 0 | 0.333 | 0.333 | 0.333 | 1.00 | 1.00 | +0.00 | +0.00 | 0.00 | +0.00 | +0.00 |
| after 1 uses each | 2 | 0.602 | 0.126 | 0.272 | 1.21 | 0.84 | +0.50 | -0.50 | 1.00 | +0.10 | -0.10 |
| after 5 uses each | 10 | 1.000 | 0.000 | 0.000 | 2.61 | 0.42 | +0.83 | -0.83 | 4.98 | +0.50 | -0.50 |
| after 20 uses each | 40 | 1.000 | 0.000 | 0.000 | 19.99 | 0.05 | +0.95 | -0.95 | 19.71 | +2.00 | -2.00 |
| 1 life later | 1040 | 1.000 | 0.000 | 0.000 | 10.49 | 0.53 | +0.95 | -0.95 | 9.86 | +2.00 | -2.00 |
| 4 lives later | 4040 | 1.000 | 0.000 | 0.000 | 2.19 | 0.94 | +0.95 | -0.95 | 1.23 | +2.00 | -2.00 |

the two weighting functions at the end (bias, seen, recent, net, age, width, rate):
  rewarded: [2.0, 4.234, 8.0, 2.64, 1.897, 3.496, 0.1]
  punished: [-2.0, -4.234, -8.0, 2.64, -1.897, 3.179, 0.1]

compression: default 13 x 13 x 13 machines, fresh and taught each language for 4000 episodes, folded into the central node (6, g, 6) at each precision

| machine | precision | touched | bytes | smaller than dense | lossless | max relative error | max KL | greedy changed | accuracy: original → rebuilt |
|---|---|---|---|---|---|---|---|---|---|
| fresh | exact | 0 | 275 | 1342.2× | yes | 0.0e+00 | 0.0e+00 | 0 | – |
| fresh | float32 | 0 | 275 | 1342.2× | yes | 0.0e+00 | 0.0e+00 | 0 | – |
| fresh | float16 | 0 | 275 | 1342.2× | yes | 0.0e+00 | 0.0e+00 | 0 | – |
| even-b | exact | 338 | 48947 | 7.5× | yes | 0.0e+00 | 0.0e+00 | 0 | 0.600 → 0.600 |
| even-b | float32 | 338 | 28667 | 12.9× | no | 5.9e-08 | 4.0e-13 | 0 | 0.600 → 0.600 |
| even-b | float16 | 338 | 18527 | 19.9× | no | 4.8e-04 | 8.2e-05 | 0 | 0.600 → 0.600 |
| contains-aa | exact | 335 | 48515 | 7.6× | yes | 0.0e+00 | 0.0e+00 | 0 | 0.957 → 0.957 |
| contains-aa | float32 | 335 | 28415 | 13.0× | no | 5.9e-08 | 6.8e-14 | 0 | 0.957 → 0.957 |
| contains-aa | float16 | 335 | 18365 | 20.1× | no | 2.1e-03 | 3.5e-05 | 0 | 0.957 → 0.957 |
| ends-ab | exact | 209 | 30371 | 12.2× | yes | 0.0e+00 | 0.0e+00 | 0 | 1.000 → 1.000 |
| ends-ab | float32 | 209 | 17831 | 20.7× | no | 5.9e-08 | 3.6e-16 | 0 | 1.000 → 1.000 |
| ends-ab | float16 | 209 | 11561 | 31.9× | no | 4.7e-04 | 8.8e-08 | 0 | 1.000 → 1.000 |
| mod3-a | exact | 328 | 47507 | 7.8× | yes | 0.0e+00 | 0.0e+00 | 0 | 0.743 → 0.743 |
| mod3-a | float32 | 328 | 27827 | 13.3× | no | 5.9e-08 | 2.1e-14 | 0 | 0.743 → 0.743 |
| mod3-a | float16 | 328 | 17987 | 20.5× | no | 2.4e-03 | 4.8e-08 | 0 | 0.743 → 0.743 |

even-b, exact, rebuilt from the central node outward

| shells rebuilt | cells | touched edges restored | greedy changed | accuracy |
|---|---|---|---|---|
| 1 | 1 | 0 | 23 | 0.583 |
| 2 | 27 | 0 | 23 | 0.583 |
| 3 | 125 | 0 | 23 | 0.583 |
| 4 | 343 | 0 | 23 | 0.583 |
| 5 | 729 | 0 | 23 | 0.583 |
| 6 | 1331 | 121 | 18 | 0.577 |
| 7 | 2197 | 338 | 0 | 0.600 |

every language taught again, the matrix folded into its central node every 500 transitions and rebuilt from the code each time

| language | compression | precision | compressions | last code, bytes | accuracy |
|---|---|---|---|---|---|
| even-b | never | – | 0 | – | 0.600 |
| even-b | every 500 | exact | 23 | 48947 | 0.600 |
| even-b | every 500 | float32 | 23 | 28667 | 0.600 |
| even-b | every 500 | float16 | 23 | 18473 | 1.000 |
| contains-aa | never | – | 0 | – | 0.957 |
| contains-aa | every 500 | exact | 23 | 48515 | 0.957 |
| contains-aa | every 500 | float32 | 23 | 28415 | 0.957 |
| contains-aa | every 500 | float16 | 23 | 18365 | 1.000 |
| ends-ab | never | – | 0 | – | 1.000 |
| ends-ab | every 500 | exact | 23 | 30371 | 1.000 |
| ends-ab | every 500 | float32 | 23 | 17831 | 1.000 |
| ends-ab | every 500 | float16 | 23 | 11453 | 1.000 |
| mod3-a | never | – | 0 | – | 0.743 |
| mod3-a | every 500 | exact | 23 | 47363 | 0.743 |
| mod3-a | every 500 | float32 | 23 | 27743 | 0.743 |
| mod3-a | every 500 | float16 | 23 | 17231 | 0.703 |

