learning: 4000 episodes, strings up to 6 symbols, 5 seeds, 300 held-out strings; the quiet arm runs the same strings without traversing

| language | states (min) | before | after: mean | min | max | solved | quiet after |
|---|---|---|---|---|---|---|---|
| even-b (an even number of b's) | 3 (2) | 0.57 | **1.00** | 1.00 | 1.00 | 5/5 | 0.56 |
| even-b (an even number of b's) | 4 (2) | 0.56 | **1.00** | 1.00 | 1.00 | 5/5 | 0.55 |
| even-b (an even number of b's) | 6 (2) | 0.55 | **1.00** | 1.00 | 1.00 | 5/5 | 0.55 |
| even-b (an even number of b's) | 13 (2) | 0.55 | **0.93** | 0.64 | 1.00 | 4/5 | 0.55 |
| contains-aa (two a's in a row somewhere) | 3 (3) | 0.61 | **1.00** | 1.00 | 1.00 | 5/5 | 0.61 |
| contains-aa (two a's in a row somewhere) | 4 (3) | 0.63 | **1.00** | 1.00 | 1.00 | 5/5 | 0.62 |
| contains-aa (two a's in a row somewhere) | 6 (3) | 0.64 | **0.87** | 0.62 | 1.00 | 3/5 | 0.63 |
| contains-aa (two a's in a row somewhere) | 13 (3) | 0.65 | **0.81** | 0.64 | 1.00 | 1/5 | 0.65 |
| ends-ab (ends with ab) | 3 (3) | 0.64 | **0.92** | 0.77 | 1.00 | 3/5 | 0.66 |
| ends-ab (ends with ab) | 4 (3) | 0.69 | **0.95** | 0.74 | 1.00 | 4/5 | 0.71 |
| ends-ab (ends with ab) | 6 (3) | 0.74 | **0.96** | 0.79 | 1.00 | 4/5 | 0.73 |
| ends-ab (ends with ab) | 13 (3) | 0.79 | **0.92** | 0.81 | 1.00 | 1/5 | 0.78 |
| mod3-a (a multiple of three a's) | 3 (3) | 0.61 | **1.00** | 1.00 | 1.00 | 5/5 | 0.63 |
| mod3-a (a multiple of three a's) | 4 (3) | 0.65 | **1.00** | 1.00 | 1.00 | 5/5 | 0.65 |
| mod3-a (a multiple of three a's) | 6 (3) | 0.67 | **0.79** | 0.63 | 1.00 | 1/5 | 0.68 |
| mod3-a (a multiple of three a's) | 13 (3) | 0.70 | **0.76** | 0.69 | 0.85 | 0/5 | 0.70 |

stimulation: a fork of 3 channels; probability of each by stimulation level

| stimulation | width 4 | width 1 | width 0.25 |
|---|---|---|---|
| 0 | 0.333 | 0.333 | 0.333 |
| 0.5 | 0.571 | 0.286 | 0.143 |
| 1 | 0.762 | 0.190 | 0.048 |
| 2 | 0.938 | 0.059 | 0.004 |
| 4 | 0.996 | 0.004 | 0.000 |

a surge of +3 over the baseline 1, relaxing on the clock

| lives since | stimulation | width 4 | width 1 | width 0.25 |
|---|---|---|---|---|
| 0 | 4.00 | 0.996 | 0.004 | 0.000 |
| 0.5 | 3.12 | 0.970 | 0.028 | 0.003 |
| 1 | 2.50 | 0.883 | 0.089 | 0.028 |
| 2 | 1.75 | 0.611 | 0.229 | 0.160 |
| 4 | 1.19 | 0.387 | 0.315 | 0.298 |

adaptation: two edges from one prototype, one rewarded on every use and one punished

| stage | clock | P(rewarded) | P(punished) | P(untouched) | width + | width − | net + | net − | recent + | bias + | bias − |
|---|---|---|---|---|---|---|---|---|---|---|---|
| fresh | 0 | 0.333 | 0.333 | 0.333 | 1.00 | 1.00 | +0.00 | +0.00 | 0.00 | +0.00 | +0.00 |
| after 1 uses each | 2 | 0.602 | 0.126 | 0.272 | 1.21 | 0.84 | +0.50 | -0.50 | 1.00 | +0.10 | -0.10 |
| after 5 uses each | 10 | 1.000 | 0.000 | 0.000 | 2.61 | 0.42 | +0.83 | -0.83 | 4.98 | +0.50 | -0.50 |
| after 20 uses each | 40 | 1.000 | 0.000 | 0.000 | 19.99 | 0.05 | +0.95 | -0.95 | 19.71 | +2.00 | -2.00 |
| 1 life later | 1040 | 1.000 | 0.000 | 0.000 | 10.49 | 0.53 | +0.95 | -0.95 | 9.86 | +2.00 | -2.00 |
| 4 lives later | 4040 | 1.000 | 0.000 | 0.000 | 2.19 | 0.94 | +0.95 | -0.95 | 1.23 | +2.00 | -2.00 |

the two weighting functions at the end (bias, seen, recent, net, age, width, rate):
  rewarded: [2.000, 4.234, 8.000, 2.640, 1.897, 3.496, 0.100]
  punished: [-2.000, -4.234, -8.000, 2.640, -1.897, 3.179, 0.100]

compression: default 13 x 13 x 13 machines, fresh and taught each language for 4000 episodes, folded into the central node (6, g, 6) at each precision

| machine | precision | touched | bytes | smaller than dense | lossless | max relative error | max KL | greedy changed | accuracy: original → rebuilt |
|---|---|---|---|---|---|---|---|---|---|
| fresh | exact | 0 | 275 | 1342.2× | yes | 0.0e0 | 0.0e0 | 0 | – |
| fresh | float32 | 0 | 275 | 1342.2× | yes | 0.0e0 | 0.0e0 | 0 | – |
| fresh | float16 | 0 | 275 | 1342.2× | yes | 0.0e0 | 0.0e0 | 0 | – |
| even-b | exact | 338 | 48947 | 7.5× | yes | 0.0e0 | 0.0e0 | 0 | 0.580 → 0.580 |
| even-b | float32 | 338 | 28667 | 12.9× | no | 5.8e-8 | 4.3e-12 | 0 | 0.580 → 0.580 |
| even-b | float16 | 338 | 18527 | 19.9× | no | 4.8e-4 | 1.8e-4 | 0 | 0.580 → 0.580 |
| contains-aa | exact | 333 | 48227 | 7.7× | yes | 0.0e0 | 0.0e0 | 0 | 0.660 → 0.660 |
| contains-aa | float32 | 333 | 28247 | 13.1× | no | 5.8e-8 | 1.1e-12 | 0 | 0.660 → 0.660 |
| contains-aa | float16 | 333 | 18257 | 20.2× | no | 4.9e-4 | 7.8e-5 | 0 | 0.660 → 0.660 |
| ends-ab | exact | 230 | 33395 | 11.1× | yes | 0.0e0 | 0.0e0 | 0 | 1.000 → 1.000 |
| ends-ab | float32 | 230 | 19595 | 18.8× | no | 5.7e-8 | 3.3e-16 | 0 | 1.000 → 1.000 |
| ends-ab | float16 | 230 | 12695 | 29.1× | no | 4.8e-4 | 2.6e-13 | 0 | 1.000 → 1.000 |
| mod3-a | exact | 316 | 45779 | 8.1× | yes | 0.0e0 | 0.0e0 | 0 | 0.870 → 0.870 |
| mod3-a | float32 | 316 | 26819 | 13.8× | no | 5.8e-8 | 2.6e-13 | 0 | 0.870 → 0.870 |
| mod3-a | float16 | 316 | 17339 | 21.3× | no | 3.3e-3 | 1.5e-5 | 0 | 0.870 → 0.870 |

even-b, exact, rebuilt from the central node outward

| shells rebuilt | cells | touched edges restored | greedy changed | accuracy |
|---|---|---|---|---|
| 1 | 1 | 0 | 25 | 0.550 |
| 2 | 27 | 0 | 25 | 0.550 |
| 3 | 125 | 0 | 25 | 0.550 |
| 4 | 343 | 0 | 25 | 0.550 |
| 5 | 729 | 0 | 25 | 0.550 |
| 6 | 1331 | 121 | 23 | 0.557 |
| 7 | 2197 | 338 | 0 | 0.580 |

every language taught again, the matrix folded into its central node every 500 transitions and rebuilt from the code each time

| language | compression | precision | compressions | last code, bytes | accuracy |
|---|---|---|---|---|---|
| even-b | never | – | 0 | – | 0.580 |
| even-b | every 500 | exact | 23 | 48947 | 0.580 |
| even-b | every 500 | float32 | 23 | 28667 | 0.580 |
| even-b | every 500 | float16 | 23 | 18527 | 0.820 |
| contains-aa | never | – | 0 | – | 0.660 |
| contains-aa | every 500 | exact | 23 | 48083 | 0.660 |
| contains-aa | every 500 | float32 | 23 | 28163 | 0.660 |
| contains-aa | every 500 | float16 | 23 | 18203 | 0.647 |
| ends-ab | never | – | 0 | – | 1.000 |
| ends-ab | every 500 | exact | 23 | 33395 | 1.000 |
| ends-ab | every 500 | float32 | 23 | 19595 | 1.000 |
| ends-ab | every 500 | float16 | 23 | 12695 | 1.000 |
| mod3-a | never | – | 0 | – | 0.870 |
| mod3-a | every 500 | exact | 23 | 45779 | 0.870 |
| mod3-a | every 500 | float32 | 23 | 26819 | 0.870 |
| mod3-a | every 500 | float16 | 23 | 17123 | 0.727 |

